---
# Source: openshift-compliance-operator/templates/scansettingbinding-ocp4-high-node.yaml
apiVersion: compliance.openshift.io/v1alpha1
kind: ScanSettingBinding
metadata:
  name: ocp4-high-node
  namespace: openshift-compliance
profiles:
- apiGroup: compliance.openshift.io/v1alpha1
  kind: Profile
  name: ocp4-high-node
settingsRef:
  apiGroup: compliance.openshift.io/v1alpha1
  kind: ScanSetting
  name: default
---
# Source: openshift-compliance-operator/templates/scansettingbinding-ocp4-high.yaml
apiVersion: compliance.openshift.io/v1alpha1
kind: ScanSettingBinding
metadata:
  name: ocp4-high
  namespace: openshift-compliance
profiles:
- apiGroup: compliance.openshift.io/v1alpha1
  kind: Profile
  name: ocp4-high
settingsRef:
  apiGroup: compliance.openshift.io/v1alpha1
  kind: ScanSetting
  name: default
---
# Source: openshift-compliance-operator/templates/scansettingbinding-rhcos4-nist-high.yaml
apiVersion: compliance.openshift.io/v1alpha1
kind: ScanSettingBinding
metadata:
  name: rhcos4-nist-high
  namespace: openshift-compliance
profiles:
- apiGroup: compliance.openshift.io/v1alpha1
  kind: Profile
  name: rhcos4-high
settingsRef:
  apiGroup: compliance.openshift.io/v1alpha1
  kind: ScanSetting
  name: default
